// Vitest Snapshot v1, https://vitest.dev/guide/snapshot.html

exports[`Generate filter data: Signature > default 1`] = `
{
  "operators": {
    "Text": [
      {
        "label": "等于",
        "style": "noop",
        "value": "equal",
      },
      {
        "label": "不等于",
        "style": "noop",
        "value": "not_equal",
      },
      {
        "label": "包含",
        "style": "tags",
        "value": "contains",
      },
      {
        "label": "不包含",
        "style": "tags",
        "value": "not_contain",
      },
      {
        "label": "为空",
        "style": "none",
        "value": "empty",
      },
      {
        "label": "不为空",
        "style": "none",
        "value": "not_empty",
      },
    ],
  },
  "options": [
    {
      "includeOperator": {
        "operator": [
          "empty",
          "not_empty",
        ],
      },
      "label": "Signature",
      "operatorKey": "Text",
      "renderType": "NONE",
      "value": "TBB-T_V2Gkt-BwinGdG4f",
    },
  ],
}
`;
